2026-08-23 18:12:58
               total        used        free      shared  buff/cache   available
内存：       15Gi       6.0Gi       3.7Gi       1.5Gi       5.7Gi       8.0Gi
交换：      2.0Gi          0B       2.0Gi
---
2026-08-23 18:13:08
               total        used        free      shared  buff/cache   available
内存：       15Gi       6.3Gi       3.6Gi       1.2Gi       5.5Gi       8.0Gi
交换：      2.0Gi          0B       2.0Gi
---
2026-08-23 18:13:18
               total        used        free      shared  buff/cache   available
内存：       15Gi       8.0Gi       1.9Gi       1.1Gi       5.5Gi       6.2Gi
交换：      2.0Gi          0B       2.0Gi
---
2026-08-23 18:13:28
               total        used        free      shared  buff/cache   available
内存：       15Gi       5.1Gi       4.8Gi       1.1Gi       5.4Gi       9.2Gi
交换：      2.0Gi          0B       2.0Gi
---
2026-08-23 18:13:38
               total        used        free      shared  buff/cache   available
内存：       15Gi       6.3Gi       3.6Gi       1.2Gi       5.5Gi       8.0Gi
交换：      2.0Gi          0B       2.0Gi
---
2026-08-23 18:13:48
               total        used        free      shared  buff/cache   available
内存：       15Gi       7.8Gi       2.0Gi       1.2Gi       5.6Gi       6.4Gi
交换：      2.0Gi          0B       2.0Gi
---
2026-08-23 18:13:58
               total        used        free      shared  buff/cache   available
内存：       15Gi       6.7Gi       3.2Gi       1.2Gi       5.5Gi       7.5Gi
交换：      2.0Gi          0B       2.0Gi
---
2026-08-23 18:14:08
               total        used        free      shared  buff/cache   available
内存：       15Gi       5.5Gi       4.5Gi       1.1Gi       5.5Gi       8.8Gi
交换：      2.0Gi          0B       2.0Gi
---
2026-08-23 18:14:18
               total        used        free      shared  buff/cache   available
内存：       15Gi       5.1Gi       4.8Gi       1.1Gi       5.5Gi       9.2Gi
交换：      2.0Gi          0B       2.0Gi
---
2026-08-23 18:14:28
               total        used        free      shared  buff/cache   available
内存：       15Gi       5.2Gi       4.7Gi       1.1Gi       5.5Gi       9.1Gi
交换：      2.0Gi          0B       2.0Gi
---
2026-08-23 18:14:38
               total        used        free      shared  buff/cache   available
内存：       15Gi       6.9Gi       2.9Gi       1.1Gi       5.6Gi       7.4Gi
交换：      2.0Gi          0B       2.0Gi
---
2026-08-23 18:14:48
               total        used        free      shared  buff/cache   available
内存：       15Gi       6.2Gi       3.5Gi       1.1Gi       5.7Gi       8.1Gi
交换：      2.0Gi          0B       2.0Gi
---
2026-08-23 18:14:58
               total        used        free      shared  buff/cache   available
内存：       15Gi       6.6Gi       3.0Gi       1.1Gi       5.7Gi       7.7Gi
交换：      2.0Gi          0B       2.0Gi
---
2026-08-23 18:15:08
               total        used        free      shared  buff/cache   available
内存：       15Gi       5.3Gi       4.3Gi       1.1Gi       5.8Gi       9.1Gi
交换：      2.0Gi          0B       2.0Gi
---
2026-08-23 18:15:18
               total        used        free      shared  buff/cache   available
内存：       15Gi       5.7Gi       3.9Gi       1.1Gi       5.8Gi       8.7Gi
交换：      2.0Gi          0B       2.0Gi
---
2026-08-23 18:15:28
               total        used        free      shared  buff/cache   available
内存：       15Gi       6.3Gi       3.2Gi       1.1Gi       5.9Gi       8.1Gi
交换：      2.0Gi          0B       2.0Gi
---
2026-08-23 18:15:38
               total        used        free      shared  buff/cache   available
内存：       15Gi       6.3Gi       3.1Gi       1.1Gi       6.0Gi       8.0Gi
交换：      2.0Gi          0B       2.0Gi
---
2026-08-23 18:15:48
               total        used        free      shared  buff/cache   available
内存：       15Gi       5.6Gi       3.8Gi       1.2Gi       6.0Gi       8.6Gi
交换：      2.0Gi          0B       2.0Gi
---
2026-08-23 18:15:58
               total        used        free      shared  buff/cache   available
内存：       15Gi       5.9Gi       3.5Gi       1.2Gi       6.0Gi       8.3Gi
交换：      2.0Gi          0B       2.0Gi
---
2026-08-23 18:16:08
               total        used        free      shared  buff/cache   available
内存：       15Gi       5.6Gi       3.8Gi       1.2Gi       6.0Gi       8.6Gi
交换：      2.0Gi          0B       2.0Gi
---
2026-08-23 18:16:18
               total        used        free      shared  buff/cache   available
内存：       15Gi       5.9Gi       3.2Gi       1.2Gi       6.2Gi       8.3Gi
交换：      2.0Gi          0B       2.0Gi
---
2026-08-23 18:16:28
               total        used        free      shared  buff/cache   available
内存：       15Gi       6.1Gi       3.1Gi       1.2Gi       6.2Gi       8.1Gi
交换：      2.0Gi          0B       2.0Gi
---
2026-08-23 18:16:38
               total        used        free      shared  buff/cache   available
内存：       15Gi       6.1Gi       3.1Gi       1.2Gi       6.2Gi       8.1Gi
交换：      2.0Gi          0B       2.0Gi
---
2026-08-23 18:16:48
               total        used        free      shared  buff/cache   available
内存：       15Gi       7.2Gi       1.9Gi       1.3Gi       6.3Gi       7.0Gi
交换：      2.0Gi          0B       2.0Gi
---
2026-08-23 18:16:58
               total        used        free      shared  buff/cache   available
内存：       15Gi       6.9Gi       2.3Gi       1.2Gi       6.2Gi       7.4Gi
交换：      2.0Gi          0B       2.0Gi
---
2026-08-23 18:17:08
               total        used        free      shared  buff/cache   available
内存：       15Gi       5.2Gi       3.9Gi       1.2Gi       6.3Gi       9.0Gi
交换：      2.0Gi          0B       2.0Gi
---
2026-08-23 18:17:18
               total        used        free      shared  buff/cache   available
内存：       15Gi       6.4Gi       2.6Gi       1.3Gi       6.3Gi       7.7Gi
交换：      2.0Gi          0B       2.0Gi
---
2026-08-23 18:17:28
               total        used        free      shared  buff/cache   available
内存：       15Gi       9.1Gi       175Mi       1.2Gi       6.2Gi       5.1Gi
交换：      2.0Gi       0.0Ki       2.0Gi
---
2026-08-23 18:17:38
               total        used        free      shared  buff/cache   available
内存：       15Gi        10Gi       334Mi       1.2Gi       5.0Gi       4.1Gi
交换：      2.0Gi       0.0Ki       2.0Gi
---
2026-08-23 18:17:48
               total        used        free      shared  buff/cache   available
内存：       15Gi        11Gi       213Mi       1.2Gi       4.0Gi       2.7Gi
交换：      2.0Gi       1.0Mi       2.0Gi
---
2026-08-23 18:17:58
               total        used        free      shared  buff/cache   available
内存：       15Gi        11Gi       1.0Gi       1.2Gi       3.3Gi       2.8Gi
交换：      2.0Gi        86Mi       1.9Gi
---
2026-08-23 18:18:08
               total        used        free      shared  buff/cache   available
内存：       15Gi       4.7Gi       7.5Gi       1.2Gi       3.2Gi       9.2Gi
交换：      2.0Gi       310Mi       1.7Gi
---
